// Jest Snapshot v1, https://goo.gl/fbAQLP

exports[`Render ShowMoreButton 1`] = `
<div
  id="servererror"
>
  <div
    className="servererror"
  >
    <div
      className="servererror-message"
    >
      <h1>
        Oops!
      </h1>
      <h2>
        Server is unavailable
      </h2>
    </div>
    <a
      href="#"
      onClick={[Function]}
    >
      Refresh page
    </a>
  </div>
</div>
`;
