// Jest Snapshot v1, https://goo.gl/fbAQLP

exports[`Render Films-List 1`] = `
<div
  className="catalog__movies-list"
>
  <article
    className="small-movie-card catalog__movies-card"
    onClick={[Function]}
    onMouseEnter={[Function]}
    onMouseLeave={[Function]}
  >
    <video />
    <h3
      className="small-movie-card__title"
    >
      <a
        className="small-movie-card__link"
        onClick={null}
      >
        Jojo Rabbit
      </a>
    </h3>
  </article>
  <article
    className="small-movie-card catalog__movies-card"
    onClick={[Function]}
    onMouseEnter={[Function]}
    onMouseLeave={[Function]}
  >
    <video />
    <h3
      className="small-movie-card__title"
    >
      <a
        className="small-movie-card__link"
        onClick={null}
      >
        Jojo Rabbit
      </a>
    </h3>
  </article>
  <article
    className="small-movie-card catalog__movies-card"
    onClick={[Function]}
    onMouseEnter={[Function]}
    onMouseLeave={[Function]}
  >
    <video />
    <h3
      className="small-movie-card__title"
    >
      <a
        className="small-movie-card__link"
        onClick={null}
      >
        Jojo Rabbit
      </a>
    </h3>
  </article>
  <article
    className="small-movie-card catalog__movies-card"
    onClick={[Function]}
    onMouseEnter={[Function]}
    onMouseLeave={[Function]}
  >
    <video />
    <h3
      className="small-movie-card__title"
    >
      <a
        className="small-movie-card__link"
        onClick={null}
      >
        Jojo Rabbit
      </a>
    </h3>
  </article>
  <article
    className="small-movie-card catalog__movies-card"
    onClick={[Function]}
    onMouseEnter={[Function]}
    onMouseLeave={[Function]}
  >
    <video />
    <h3
      className="small-movie-card__title"
    >
      <a
        className="small-movie-card__link"
        onClick={null}
      >
        Jojo Rabbit
      </a>
    </h3>
  </article>
  <article
    className="small-movie-card catalog__movies-card"
    onClick={[Function]}
    onMouseEnter={[Function]}
    onMouseLeave={[Function]}
  >
    <video />
    <h3
      className="small-movie-card__title"
    >
      <a
        className="small-movie-card__link"
        onClick={null}
      >
        Jojo Rabbit
      </a>
    </h3>
  </article>
  <article
    className="small-movie-card catalog__movies-card"
    onClick={[Function]}
    onMouseEnter={[Function]}
    onMouseLeave={[Function]}
  >
    <video />
    <h3
      className="small-movie-card__title"
    >
      <a
        className="small-movie-card__link"
        onClick={null}
      >
        Jojo Rabbit
      </a>
    </h3>
  </article>
  <article
    className="small-movie-card catalog__movies-card"
    onClick={[Function]}
    onMouseEnter={[Function]}
    onMouseLeave={[Function]}
  >
    <video />
    <h3
      className="small-movie-card__title"
    >
      <a
        className="small-movie-card__link"
        onClick={null}
      >
        Jojo Rabbit
      </a>
    </h3>
  </article>
</div>
`;
